=== False positive check: ai-supply-chain-audit/src ===
               
               
┌─────────────┐
│ Scan Status │
└─────────────┘
  Scanning 2 files with 5 Code rules:
  Scanning 1 file with 5 python rules.
                
                
┌──────────────┐
│ Scan Summary │
└──────────────┘
✅ Scan completed successfully.
 • Findings: 0 (0 blocking)
 • Rules run: 5
 • Targets scanned: 1
 • Parsed lines: ~100.0%
 • No ignore information available
Ran 5 rules on 1 file: 0 findings.
If Semgrep missed a finding, please send us feedback to let us know!
See https://semgrep.dev/docs/reporting-false-negatives/

=== False positive check: mobile-static-analysis/src and tests ===
               
               
┌─────────────┐
│ Scan Status │
└─────────────┘
  Scanning 2 files with 5 Code rules:
  Scanning 1 file with 5 python rules.
                
                
┌──────────────┐
│ Scan Summary │
└──────────────┘
✅ Scan completed successfully.
 • Findings: 0 (0 blocking)
 • Rules run: 5
 • Targets scanned: 1
 • Parsed lines: ~100.0%
 • Scan skipped: 
   ◦ Files matching .semgrepignore patterns: 2
 • For a detailed list of skipped files and lines, run semgrep with the --verbose flag
Ran 5 rules on 1 file: 0 findings.
If Semgrep missed a finding, please send us feedback to let us know!
See https://semgrep.dev/docs/reporting-false-negatives/
               
               
┌─────────────┐
│ Scan Status │
└─────────────┘
  Scanning 17 files with 5 Code rules:
  Scanning 9 files with 5 python rules.
                
                
┌──────────────┐
│ Scan Summary │
└──────────────┘
✅ Scan completed successfully.
 • Findings: 0 (0 blocking)
 • Rules run: 5
 • Targets scanned: 9
 • Parsed lines: ~100.0%
 • Scan skipped: 
   ◦ Files matching .semgrepignore patterns: 9
 • For a detailed list of skipped files and lines, run semgrep with the --verbose flag
Ran 5 rules on 9 files: 0 findings.
If Semgrep missed a finding, please send us feedback to let us know!
See https://semgrep.dev/docs/reporting-false-negatives/

=== SUMMARY ===
ai-supply-chain-audit/src/audit.py: 0 findings
mobile-static-analysis/src/analyse.py + tests/test_analysis.py: 0 findings
ai-redteam-harness/src/harness/*.py + scripts/*.py + tests/*.py (9 files, the non-vulnerable red-team runner side of the same repo): 0 findings
Total false positives across all clean-code runs: 0
No rule tuning was required.
